@list_sp_ensembl=("homo_sapiens","pan_troglodytes","pongo_abelii","mus_musculus","monodelphis_domestica","anolis_carolinensis","Ornithorhynchus_anatinus","gallus_gallus","danio_rerio","gasterosteus_aculeatus","xenopus_tropicalis");
@list_sp_metazoa=("ciona_savignyi","caenorhabditis_elegans","drosophila_melanogaster","anopheles_gambiae","apis_mellifera","octopus_bimaculoides","pediculus_humanus","stegodyphus_mimosarum","amphimedon_queenslandica","brugia_malayi","mnemiopsis_leidyi","trichoplax_adhaerens");
@list_sp_plants=("chlamydomonas_reinhardtii","chondrus_crispus","amborella_trichopoda","physcomitrella_patens","selaginella_moellendorffii","solanum_lycopersicum","vitis_vinifera","arabidopsis_thaliana");
@list_sp_fungi=("aspergillus_nidulans","neurospora_crassa","saccharomyces_cerevisiae","schizosaccharomyces_pombe");
@list_sp_protist_=("bigelowiella_natans","dictyostelium_discoideum","emiliania_huxleyi","leishmania_major","tetrahymena_thermophila");
@list_sp_bacteria=("mycoplasma_pneumoniae_m129","streptococcus_pneumoniae_TIGR4","borrelia_burgdorferi_B31","thermus_thermophilus_HB8","geobacter_sulfurreducens_PCA","wolbachia_endosymbiont_of_drosophila_melanogaster","aquifex_aeolicus_VF5","caulobacter_crescentus_CB15","cenarchaeum_symbiosum_a","coxiella_burnetii_rsa_493","gardnerella_vaginalis_0288E","helicobacter_pylori_26695","lactobacillus_plantarum_WCFS1","moraxella_catarrhalis_7169","myxococcus_xanthus_DK_1622","neisseria_meningitidis_Z2491","sulfolobus_solfataricus_P2","thermoplasma_acidophilum_DSM_1728","methanosarcina_acetivorans_C2A","pyrococcus_horikoshii","methanopyrus_kandleri_AV19","methanococcus_maripaludis_S2","aeropyrum_pernix_K1","archaeoglobus_fulgidus_DSM_4304","candidatus_korarchaeum_cryptofilum_OPF8","haloarcula_marismortui_ATCC_43049","halobacterium_salinarum_R1","hyperthermus_butylicus_DSM_5456");
@taxonID_plants=("39947");
@taxonID_bacteria=("83332","226185","158879","169963","224308","272561","192222","262698","1131758","511145","229193","212042","324602","716541","177416","71421","272620","297246","203120","243277","228908","178306","420247")
